<?xml version="1.0" encoding="UTF-8"?>
<feature
      id="com.windowtester.server.core"
      label="WindowTester Server Core"
      version="x.y.z.aaa"
      provider-name="Instantiations"
      plugin="com.windowtester.server.core">

   <description url="http://www.example.com/description">
      [Enter Feature Description here.]
   </description>

   <copyright url="http://www.example.com/copyright">
      [Enter Copyright Description here.]
   </copyright>

   <license url="http://www.example.com/license">
      [Enter License Description here.]
   </license>

   <plugin
         id="com.windowtester.server.core"
         download-size="0"
         install-size="0"
         version="x.y.z.aaa"
         unpack="false"/>

</feature>
