<?xml version="1.0" encoding="UTF-8"?>
<site>
   <description>
      Samples and tools for the Eclipse plug-ins book authored by Eric Clayberg and Dan Rubel
   </description>
   <feature url="features/com.qualityeclipse.book_1.2.3.456.jar" id="com.qualityeclipse.book" version="1.2.3.456" os="linux,win32">
      <category name="book.samples"/>
   </feature>
   <feature url="features/com.qualityeclipse.book2_3.8.0.200809110900.jar" id="com.qualityeclipse.book2" version="3.8.0.200809110900">
      <category name="book.samples"/>
   </feature>
   <category-def name="book.samples" label="Book Samples"/>
</site>
