<?xml version="1.0" encoding="UTF-8"?>
<plugin
   id="test1"
   name="%pluginName"
   version="2.6.7.abc"
   provider-name="%providerName"
   class="test1.Activator">

   <runtime>
      <library name="bin.jar">
         <export name="*"/>
      </library>
   </runtime>
   <requires>
      <import plugin="org.eclipse.core.runtime"/>
      <import plugin="org.eclipse.core.resources"/>
      <import plugin="org.eclipse.ui" optional="true"/>
      <import plugin="org.eclipse.jdt.core" export="true"/>
      <import plugin="org.eclipse.debug.core" export="true" optional="true"/>
      <import plugin="org.apache.xerces"/>
   </requires>

   <extension
         id="sampleBuilder"
         name="Sample Project Builder"
         point="org.eclipse.core.resources.builders">
      <builder
            hasNature="true">
         <run
               class="test1.builder.SampleBuilder">
         </run>
      </builder>
   </extension>
   <extension
         id="sampleNature"
         name="Sample Project Nature"
         point="org.eclipse.core.resources.natures">
      <runtime>
         <run
               class="test1.builder.SampleNature">
         </run>
      </runtime>
      <builder
            id="test1.sampleBuilder">
      </builder>
   </extension>
   <extension
         point="org.eclipse.ui.popupMenus">
      <objectContribution
            adaptable="true"
            objectClass="org.eclipse.core.resources.IProject"
            nameFilter="*"
            id="test1.contribution1">
         <action
               label="Add/Remove Sample Nature"
               class="test1.builder.ToggleNatureAction"
               menubarPath="additions"
               enablesFor="+"
               id="test1.addRemoveNatureAction">
         </action>
      </objectContribution>
   </extension>
   <extension
         id="xmlProblem"
         name="XML Problem"
         point="org.eclipse.core.resources.markers">
      <super
            type="org.eclipse.core.resources.problemmarker">
      </super>
      <persistent
            value="true">
      </persistent>
   </extension>

</plugin>
