<?xml version="1.0" encoding="UTF-8"?>
<plugin
   id="test1"
   name="%pluginName"
   version="2.6.7.abc"
   provider-name="%providerName"
   class="test1.Activator">

   <runtime>
      <library name="bin.jar">
         <export name="*"/>
      </library>
   </runtime>
   <requires>
      <import plugin="org.eclipse.core.runtime"/>
      <import plugin="org.eclipse.core.resources"/>
      <import plugin="org.eclipse.ui" optional="true"/>
      <import plugin="org.eclipse.jdt.core" export="true"/>
      <import plugin="org.eclipse.debug.core" export="true" optional="true"/>
      <import plugin="org.apache.xerces"/>
   </requires>
</plugin>
